Found 3 issues in last 1MB:
2026-01-21 17:22:34 | ERROR | Scraper Error: Message: invalid session id; For documentation on this error, please visit: https://www.selenium.dev/documentation/webdriver/troubleshooting/errors#invalidsessionidexception
2026-01-21 17:22:54 | ERROR |   Γ¥î [W2] Failed after 1 attempts: HTTPSConnectionPool(host='googlechromelabs.github.io', port=443): Read timed out. (read timeout=None
2026-01-22 00:11:42 | INFO | [31m[1mWARNING: This is a development server. Do not use it in a production deployment. Use a production WSGI server instead.[0m
